// Jest Snapshot v1, https://goo.gl/fbAQLP

exports[`<Main /> should render the heading 1`] = `
.c0 {
  color: #000;
  width: 100%;
  height: 100%;
  padding: 3rem;
  text-align: center;
  display: -webkit-box;
  display: -webkit-flex;
  display: -ms-flexbox;
  display: flex;
  -webkit-flex-direction: column;
  -ms-flex-direction: column;
  flex-direction: column;
  -webkit-align-items: center;
  -webkit-box-align: center;
  -ms-flex-align: center;
  align-items: center;
  -webkit-box-pack: center;
  -webkit-justify-content: center;
  -ms-flex-pack: center;
  justify-content: center;
}

.c1 {
  width: 20rem;
  margin-bottom: 2rem;
}

.c2 {
  font-size: 2.5rem;
  margin-bottom: 2rem;
}

.c3 {
  font-size: 2rem;
  font-weight: 400;
}

<main
  class="c0"
>
  <img
    alt="Imagem de um átomo e Ract Avançado escrito ao lado"
    class="c1"
    src="/img/logo.svg"
  />
  <h1
    class="c2"
  >
    Advanced Next
  </h1>
  <h2
    class="c3"
  >
    A simple project starter to work with TypeScript, NextJS, ReactJS and Styled Components
  </h2>
</main>
`
